wilder@wilder-ThinkPad-T440p:~/Documents/exerciceGit/gitTerminal/sharezza-social$ clear

wilder@wilder-ThinkPad-T440p:~/Documents/exerciceGit/gitTerminal/sharezza-social$ git status
Sur la branche master
Votre branche est à jour avec 'origin/master'.

Modifications qui ne seront pas validées :
  (utilisez "git add <fichier>..." pour mettre à jour ce qui sera validé)
  (utilisez "git checkout -- <fichier>..." pour annuler les modifications dans la copie de travail)

	modifié :         index.html

aucune modification n'a été ajoutée à la validation (utilisez "git add" ou "git commit -a")
wilder@wilder-ThinkPad-T440p:~/Documents/exerciceGit/gitTerminal/sharezza-social$ git add index.html 
wilder@wilder-ThinkPad-T440p:~/Documents/exerciceGit/gitTerminal/sharezza-social$ git status
Sur la branche master
Votre branche est à jour avec 'origin/master'.

Modifications qui seront validées :
  (utilisez "git reset HEAD <fichier>..." pour désindexer)

	modifié :         index.html

wilder@wilder-ThinkPad-T440p:~/Documents/exerciceGit/gitTerminal/sharezza-social$ git commit -m "encore une modif"
[master 3fd51bc] encore une modif
 1 file changed, 1 insertion(+)
wilder@wilder-ThinkPad-T440p:~/Documents/exerciceGit/gitTerminal/sharezza-social$ 
wilder@wilder-ThinkPad-T440p:~/Documents/exerciceGit/gitTerminal/sharezza-social$ git push
Username for 'https://github.com': lulup52
Password for 'https://lulup52@github.com': 
Décompte des objets: 3, fait.
Delta compression using up to 4 threads.
Compression des objets: 100% (3/3), fait.
Écriture des objets: 100% (3/3), 360 bytes | 360.00 KiB/s, fait.
Total 3 (delta 1), reused 0 (delta 0)
remote: Resolving deltas: 100% (1/1), completed with 1 local object.
To https://github.com/lulup52/sharezza-social
   23a2e2e..3fd51bc  master -> master
wilder@wilder-ThinkPad-T440p:~/Documents/exerciceGit/gitTerminal/sharezza-social$ 
